// Jest Snapshot v1, https://goo.gl/fbAQLP

exports[`Prueba en PrimeaApp Debe de mostrar PrimeraApp correctamente 1`] = `
<div>
  <h1>
    Hola, soy Karen
  </h1>
  <h3>
    Soy un subtitulo
  </h3>
</div>
`;
